<?xml version="1.0" encoding="utf-8"?><testsuites name="pytest tests"><testsuite name="pytest" errors="0" failures="0" skipped="10" tests="54" time="0.494" timestamp="2026-04-27T17:19:14.187642-07:00" hostname="Miguels-MBP-2.dreamnetwork.lan"><testcase classname="tests.test_users.TestUsersList" name="test_returns_all_created_users" time="0.055" /><testcase classname="tests.test_users.TestUsersCreate" name="test_returns_201_with_created_user" time="0.008" /><testcase classname="tests.test_users.TestUsersCreate" name="test_returns_400_if_user_data_is_missing" time="0.002" /><testcase classname="tests.test_users.TestUsersCreate" name="test_returns_400_if_name_is_missing" time="0.002" /><testcase classname="tests.test_users.TestUsersCreate" name="test_returns_400_if_email_is_missing" time="0.002" /><testcase classname="tests.test_users.TestUsersCreate" name="test_returns_400_if_age_is_missing" time="0.002" /><testcase classname="tests.test_users.TestUsersCreate" name="test_returns_201_if_age_is_exactly_1" time="0.008" /><testcase classname="tests.test_users.TestUsersCreate" name="test_returns_201_if_age_is_exactly_150" time="0.010" /><testcase classname="tests.test_users.TestUsersCreate" name="test_returns_400_if_age_is_negative" time="0.003" /><testcase classname="tests.test_users.TestUsersCreate" name="test_returns_400_if_age_is_float" time="0.002" /><testcase classname="tests.test_users.TestUsersCreate" name="test_returns_400_if_age_is_string" time="0.002" /><testcase classname="tests.test_users.TestUsersCreate" name="test_returns_400_if_age_is_null" time="0.003" /><testcase classname="tests.test_users.TestUsersCreate" name="test_returns_400_if_age_is_out_of_range" time="0.002" /><testcase classname="tests.test_users.TestUsersCreate" name="test_returns_400_if_age_is_out_of_limit" time="0.003" /><testcase classname="tests.test_users.TestUsersCreate" name="test_returns_400_if_name_is_null" time="0.002" /><testcase classname="tests.test_users.TestUsersCreate" name="test_returns_400_if_name_is_empty" time="0.002" /><testcase classname="tests.test_users.TestUsersCreate" name="test_returns_400_if_email_is_null" time="0.003" /><testcase classname="tests.test_users.TestUsersCreate" name="test_returns_400_if_email_is_empty" time="0.004" /><testcase classname="tests.test_users.TestUsersCreate" name="test_returns_400_if_age_is_empty" time="0.004" /><testcase classname="tests.test_users.TestUsersCreate" name="test_returns_400_if_email_is_invalid_format" time="0.004"><skipped type="pytest.xfail" message="BUG CRT-002: email format isn't being validated, malformed addresses go through" /></testcase><testcase classname="tests.test_users.TestUsersCreate" name="test_returns_400_if_name_is_wrong_type" time="0.009"><skipped type="pytest.xfail" message="BUG CRT-003: name type isn't checked" /></testcase><testcase classname="tests.test_users.TestUsersCreate" name="test_returns_400_if_email_is_wrong_type" time="0.008"><skipped type="pytest.xfail" message="BUG CRT-004: email type isn't checked" /></testcase><testcase classname="tests.test_users.TestUsersCreate" name="test_returns_409_if_email_already_exists" time="0.010"><skipped type="pytest.xfail" message="BUG CRT-001: posting a duplicate email crashes with a 500 instead of returning 409" /></testcase><testcase classname="tests.test_users.TestUserGet" name="test_returns_user_after_create" time="0.008" /><testcase classname="tests.test_users.TestUserGet" name="test_returns_404_if_user_not_found" time="0.003"><skipped type="pytest.xfail" message="BUG GET-001: looking up an email that doesn't exist doesn't come back as a 404" /></testcase><testcase classname="tests.test_users.TestUserUpdate" name="test_returns_200_with_valid_data" time="0.010" /><testcase classname="tests.test_users.TestUserUpdate" name="test_returns_404_if_user_not_found" time="0.009" /><testcase classname="tests.test_users.TestUserUpdate" name="test_returns_400_if_payload_is_missing" time="0.008" /><testcase classname="tests.test_users.TestUserUpdate" name="test_returns_400_if_name_is_missing" time="0.002" /><testcase classname="tests.test_users.TestUserUpdate" name="test_returns_400_if_age_is_missing" time="0.002" /><testcase classname="tests.test_users.TestUserUpdate" name="test_returns_400_if_email_is_missing" time="0.002" /><testcase classname="tests.test_users.TestUserUpdate" name="test_returns_400_if_age_is_out_of_range" time="0.002" /><testcase classname="tests.test_users.TestUserUpdate" name="test_returns_400_if_age_is_greater_than_limit" time="0.002" /><testcase classname="tests.test_users.TestUserUpdate" name="test_returns_409_if_email_is_duplicate" time="0.016" /><testcase classname="tests.test_users.TestUserUpdate" name="test_returns_200_if_email_is_the_same_for_same_user" time="0.010" /><testcase classname="tests.test_users.TestUserUpdate" name="test_returns_200_if_age_is_exactly_1" time="0.009" /><testcase classname="tests.test_users.TestUserUpdate" name="test_returns_200_if_age_is_exactly_150" time="0.010" /><testcase classname="tests.test_users.TestUserUpdate" name="test_returns_400_if_age_is_negative" time="0.009" /><testcase classname="tests.test_users.TestUserUpdate" name="test_returns_400_if_age_is_float" time="0.010" /><testcase classname="tests.test_users.TestUserUpdate" name="test_returns_400_if_age_is_string" time="0.008" /><testcase classname="tests.test_users.TestUserUpdate" name="test_returns_400_if_name_is_null" time="0.009" /><testcase classname="tests.test_users.TestUserUpdate" name="test_returns_400_if_email_is_null" time="0.009" /><testcase classname="tests.test_users.TestUserUpdate" name="test_returns_400_if_age_is_null" time="0.008" /><testcase classname="tests.test_users.TestUserUpdate" name="test_returns_400_if_name_is_empty" time="0.009" /><testcase classname="tests.test_users.TestUserUpdate" name="test_returns_400_if_email_is_empty" time="0.009" /><testcase classname="tests.test_users.TestUserUpdate" name="test_returns_400_if_age_is_empty" time="0.010" /><testcase classname="tests.test_users.TestUserUpdate" name="test_returns_400_if_age_is_invalid" time="0.008" /><testcase classname="tests.test_users.TestUserUpdate" name="test_returns_400_if_email_is_invalid_format" time="0.009"><skipped type="pytest.xfail" message="BUG UPD-001: email format validation is also missing on PUT" /></testcase><testcase classname="tests.test_users.TestUserUpdate" name="test_returns_400_if_name_is_wrong_type" time="0.010"><skipped type="pytest.xfail" message="BUG UPD-002: PUT happily accepts a non-string name and updates the record" /></testcase><testcase classname="tests.test_users.TestUserUpdate" name="test_returns_400_if_email_is_wrong_type" time="0.011"><skipped type="pytest.xfail" message="BUG UPD-003: same problem for email on PUT — a number gets stored as the new email" /></testcase><testcase classname="tests.test_users.TestUserDelete" name="test_returns_204_with_deleted_user" time="0.009" /><testcase classname="tests.test_users.TestUserDelete" name="test_returns_404_if_user_not_found" time="0.002" /><testcase classname="tests.test_users.TestUserDelete" name="test_returns_401_if_authentication_is_invalid" time="0.010"><skipped type="pytest.xfail" message="BUG DEL-001: an invalid auth token still gets accepted and the delete goes through" /></testcase><testcase classname="tests.test_users.TestUserDelete" name="test_returns_401_when_authentication_is_missing" time="0.010"><skipped type="pytest.xfail" message="BUG DEL-002: delete works even when no auth header is sent at all" /></testcase></testsuite></testsuites>